Archive member included because of file (symbol)

c:/users/ahmed/documents/everything/imt/imt_tools/sdk/imt_sdk_win_64/winavr/bin/../lib/gcc/avr/4.3.3/avr5\libgcc.a(_mulsi3.o)
                              ./MCAL/ADC/NTI_ADC_Program.o (__mulsi3)
c:/users/ahmed/documents/everything/imt/imt_tools/sdk/imt_sdk_win_64/winavr/bin/../lib/gcc/avr/4.3.3/avr5\libgcc.a(_udivmodqi4.o)
                              ./main.o (__udivmodqi4)
c:/users/ahmed/documents/everything/imt/imt_tools/sdk/imt_sdk_win_64/winavr/bin/../lib/gcc/avr/4.3.3/avr5\libgcc.a(_divmodsi4.o)
                              ./HAL/LCD2/LCD_Imp.o (__divmodsi4)
c:/users/ahmed/documents/everything/imt/imt_tools/sdk/imt_sdk_win_64/winavr/bin/../lib/gcc/avr/4.3.3/avr5\libgcc.a(_exit.o)
                              c:/users/ahmed/documents/everything/imt/imt_tools/sdk/imt_sdk_win_64/winavr/bin/../lib/gcc/avr/4.3.3/../../../../avr/lib/avr5/crtm32.o (exit)
c:/users/ahmed/documents/everything/imt/imt_tools/sdk/imt_sdk_win_64/winavr/bin/../lib/gcc/avr/4.3.3/avr5\libgcc.a(_copy_data.o)
                              ./MCAL/ADC/NTI_ADC_Program.o (__do_copy_data)
c:/users/ahmed/documents/everything/imt/imt_tools/sdk/imt_sdk_win_64/winavr/bin/../lib/gcc/avr/4.3.3/avr5\libgcc.a(_clear_bss.o)
                              ./MCAL/UART/UART_Program.o (__do_clear_bss)
c:/users/ahmed/documents/everything/imt/imt_tools/sdk/imt_sdk_win_64/winavr/bin/../lib/gcc/avr/4.3.3/avr5\libgcc.a(_fixunssfsi.o)
                              ./MCAL/ADC/NTI_ADC_Program.o (__fixunssfsi)
c:/users/ahmed/documents/everything/imt/imt_tools/sdk/imt_sdk_win_64/winavr/bin/../lib/gcc/avr/4.3.3/avr5\libgcc.a(_addsub_sf.o)
                              c:/users/ahmed/documents/everything/imt/imt_tools/sdk/imt_sdk_win_64/winavr/bin/../lib/gcc/avr/4.3.3/avr5\libgcc.a(_fixunssfsi.o) (__subsf3)
c:/users/ahmed/documents/everything/imt/imt_tools/sdk/imt_sdk_win_64/winavr/bin/../lib/gcc/avr/4.3.3/avr5\libgcc.a(_mul_sf.o)
                              ./MCAL/ADC/NTI_ADC_Program.o (__mulsf3)
c:/users/ahmed/documents/everything/imt/imt_tools/sdk/imt_sdk_win_64/winavr/bin/../lib/gcc/avr/4.3.3/avr5\libgcc.a(_div_sf.o)
                              ./MCAL/ADC/NTI_ADC_Program.o (__divsf3)
c:/users/ahmed/documents/everything/imt/imt_tools/sdk/imt_sdk_win_64/winavr/bin/../lib/gcc/avr/4.3.3/avr5\libgcc.a(_gt_sf.o)
                              ./HAL/LCD2/LCD_Imp.o (__gtsf2)
c:/users/ahmed/documents/everything/imt/imt_tools/sdk/imt_sdk_win_64/winavr/bin/../lib/gcc/avr/4.3.3/avr5\libgcc.a(_ge_sf.o)
                              c:/users/ahmed/documents/everything/imt/imt_tools/sdk/imt_sdk_win_64/winavr/bin/../lib/gcc/avr/4.3.3/avr5\libgcc.a(_fixunssfsi.o) (__gesf2)
c:/users/ahmed/documents/everything/imt/imt_tools/sdk/imt_sdk_win_64/winavr/bin/../lib/gcc/avr/4.3.3/avr5\libgcc.a(_lt_sf.o)
                              ./HAL/LCD2/LCD_Imp.o (__ltsf2)
c:/users/ahmed/documents/everything/imt/imt_tools/sdk/imt_sdk_win_64/winavr/bin/../lib/gcc/avr/4.3.3/avr5\libgcc.a(_sf_to_si.o)
                              ./HAL/LCD2/LCD_Imp.o (__fixsfsi)
c:/users/ahmed/documents/everything/imt/imt_tools/sdk/imt_sdk_win_64/winavr/bin/../lib/gcc/avr/4.3.3/avr5\libgcc.a(_thenan_sf.o)
                              c:/users/ahmed/documents/everything/imt/imt_tools/sdk/imt_sdk_win_64/winavr/bin/../lib/gcc/avr/4.3.3/avr5\libgcc.a(_addsub_sf.o) (__thenan_sf)
c:/users/ahmed/documents/everything/imt/imt_tools/sdk/imt_sdk_win_64/winavr/bin/../lib/gcc/avr/4.3.3/avr5\libgcc.a(_usi_to_sf.o)
                              ./MCAL/ADC/NTI_ADC_Program.o (__floatunsisf)
c:/users/ahmed/documents/everything/imt/imt_tools/sdk/imt_sdk_win_64/winavr/bin/../lib/gcc/avr/4.3.3/avr5\libgcc.a(_udivmodsi4.o)
                              c:/users/ahmed/documents/everything/imt/imt_tools/sdk/imt_sdk_win_64/winavr/bin/../lib/gcc/avr/4.3.3/avr5\libgcc.a(_divmodsi4.o) (__udivmodsi4)
c:/users/ahmed/documents/everything/imt/imt_tools/sdk/imt_sdk_win_64/winavr/bin/../lib/gcc/avr/4.3.3/avr5\libgcc.a(_prologue.o)
                              c:/users/ahmed/documents/everything/imt/imt_tools/sdk/imt_sdk_win_64/winavr/bin/../lib/gcc/avr/4.3.3/avr5\libgcc.a(_addsub_sf.o) (__prologue_saves__)
c:/users/ahmed/documents/everything/imt/imt_tools/sdk/imt_sdk_win_64/winavr/bin/../lib/gcc/avr/4.3.3/avr5\libgcc.a(_epilogue.o)
                              c:/users/ahmed/documents/everything/imt/imt_tools/sdk/imt_sdk_win_64/winavr/bin/../lib/gcc/avr/4.3.3/avr5\libgcc.a(_addsub_sf.o) (__epilogue_restores__)
c:/users/ahmed/documents/everything/imt/imt_tools/sdk/imt_sdk_win_64/winavr/bin/../lib/gcc/avr/4.3.3/avr5\libgcc.a(_clzsi2.o)
                              c:/users/ahmed/documents/everything/imt/imt_tools/sdk/imt_sdk_win_64/winavr/bin/../lib/gcc/avr/4.3.3/avr5\libgcc.a(_usi_to_sf.o) (__clzsi2)
c:/users/ahmed/documents/everything/imt/imt_tools/sdk/imt_sdk_win_64/winavr/bin/../lib/gcc/avr/4.3.3/avr5\libgcc.a(_pack_sf.o)
                              c:/users/ahmed/documents/everything/imt/imt_tools/sdk/imt_sdk_win_64/winavr/bin/../lib/gcc/avr/4.3.3/avr5\libgcc.a(_addsub_sf.o) (__pack_f)
c:/users/ahmed/documents/everything/imt/imt_tools/sdk/imt_sdk_win_64/winavr/bin/../lib/gcc/avr/4.3.3/avr5\libgcc.a(_unpack_sf.o)
                              c:/users/ahmed/documents/everything/imt/imt_tools/sdk/imt_sdk_win_64/winavr/bin/../lib/gcc/avr/4.3.3/avr5\libgcc.a(_addsub_sf.o) (__unpack_f)
c:/users/ahmed/documents/everything/imt/imt_tools/sdk/imt_sdk_win_64/winavr/bin/../lib/gcc/avr/4.3.3/avr5\libgcc.a(_fpcmp_parts_sf.o)
                              c:/users/ahmed/documents/everything/imt/imt_tools/sdk/imt_sdk_win_64/winavr/bin/../lib/gcc/avr/4.3.3/avr5\libgcc.a(_gt_sf.o) (__fpcmp_parts_f)
c:/users/ahmed/documents/everything/imt/imt_tools/sdk/imt_sdk_win_64/winavr/bin/../lib/gcc/avr/4.3.3/avr5\libgcc.a(_clz.o)
                              c:/users/ahmed/documents/everything/imt/imt_tools/sdk/imt_sdk_win_64/winavr/bin/../lib/gcc/avr/4.3.3/avr5\libgcc.a(_clzsi2.o) (__clz_tab)

Allocating common symbols
Common symbol       size              file

ADC_pvFunc          0x2               ./MCAL/ADC/NTI_ADC_Program.o

Memory Configuration

Name             Origin             Length             Attributes
text             0x00000000         0x00020000         xr
data             0x00800060         0x0000ffa0         rw !x
eeprom           0x00810000         0x00010000         rw !x
fuse             0x00820000         0x00000400         rw !x
lock             0x00830000         0x00000400         rw !x
signature        0x00840000         0x00000400         rw !x
*default*        0x00000000         0xffffffff

Linker script and memory map

LOAD c:/users/ahmed/documents/everything/imt/imt_tools/sdk/imt_sdk_win_64/winavr/bin/../lib/gcc/avr/4.3.3/../../../../avr/lib/avr5/crtm32.o
LOAD ./MCAL/UART/UART_Program.o
LOAD ./MCAL/TMR1/TMR1_Imp.o
LOAD ./MCAL/SPI/SPI_Program.o
LOAD ./MCAL/Port/Port_Program.o
LOAD ./MCAL/ICU/ICU_Program.o
LOAD ./MCAL/I2C/I2C_Program.o
LOAD ./MCAL/GIE/GIE_Program.o
LOAD ./MCAL/EXT_INT/EXT_INT_Program.o
LOAD ./MCAL/DIO/DIO_Program.o
LOAD ./MCAL/ADC/NTI_ADC_Program.o
LOAD ./HAL/Servo/ServoMotor_Program.o
LOAD ./HAL/RTC/RTC_Program.o
LOAD ./HAL/LCD2/LCD_Imp.o
LOAD ./HAL/KeyPad/KPD_Program.o
LOAD ./main.o
LOAD c:/users/ahmed/documents/everything/imt/imt_tools/sdk/imt_sdk_win_64/winavr/bin/../lib/gcc/avr/4.3.3/avr5\libgcc.a
LOAD c:/users/ahmed/documents/everything/imt/imt_tools/sdk/imt_sdk_win_64/winavr/bin/../lib/gcc/avr/4.3.3/../../../../avr/lib/avr5\libc.a
LOAD c:/users/ahmed/documents/everything/imt/imt_tools/sdk/imt_sdk_win_64/winavr/bin/../lib/gcc/avr/4.3.3/avr5\libgcc.a

.hash
 *(.hash)

.dynsym
 *(.dynsym)

.dynstr
 *(.dynstr)

.gnu.version
 *(.gnu.version)

.gnu.version_d
 *(.gnu.version_d)

.gnu.version_r
 *(.gnu.version_r)

.rel.init
 *(.rel.init)

.rela.init
 *(.rela.init)

.rel.text
 *(.rel.text)
 *(.rel.text.*)
 *(.rel.gnu.linkonce.t*)

.rela.text
 *(.rela.text)
 *(.rela.text.*)
 *(.rela.gnu.linkonce.t*)

.rel.fini
 *(.rel.fini)

.rela.fini
 *(.rela.fini)

.rel.rodata
 *(.rel.rodata)
 *(.rel.rodata.*)
 *(.rel.gnu.linkonce.r*)

.rela.rodata
 *(.rela.rodata)
 *(.rela.rodata.*)
 *(.rela.gnu.linkonce.r*)

.rel.data
 *(.rel.data)
 *(.rel.data.*)
 *(.rel.gnu.linkonce.d*)

.rela.data
 *(.rela.data)
 *(.rela.data.*)
 *(.rela.gnu.linkonce.d*)

.rel.ctors
 *(.rel.ctors)

.rela.ctors
 *(.rela.ctors)

.rel.dtors
 *(.rel.dtors)

.rela.dtors
 *(.rela.dtors)

.rel.got
 *(.rel.got)

.rela.got
 *(.rela.got)

.rel.bss
 *(.rel.bss)

.rela.bss
 *(.rela.bss)

.rel.plt
 *(.rel.plt)

.rela.plt
 *(.rela.plt)

.text           0x00000000     0x42a8
 *(.vectors)
 .vectors       0x00000000       0x54 c:/users/ahmed/documents/everything/imt/imt_tools/sdk/imt_sdk_win_64/winavr/bin/../lib/gcc/avr/4.3.3/../../../../avr/lib/avr5/crtm32.o
                0x00000000                __vectors
                0x00000000                __vector_default
 *(.vectors)
 *(.progmem.gcc*)
 *(.progmem*)
                0x00000054                . = ALIGN (0x2)
                0x00000054                __trampolines_start = .
 *(.trampolines)
 .trampolines   0x00000054        0x0 linker stubs
 *(.trampolines*)
                0x00000054                __trampolines_end = .
 *(.jumptables)
 *(.jumptables*)
 *(.lowtext)
 *(.lowtext*)
                0x00000054                __ctors_start = .
 *(.ctors)
                0x00000054                __ctors_end = .
                0x00000054                __dtors_start = .
 *(.dtors)
                0x00000054                __dtors_end = .
 SORT(*)(.ctors)
 SORT(*)(.dtors)
 *(.init0)
 .init0         0x00000054        0x0 c:/users/ahmed/documents/everything/imt/imt_tools/sdk/imt_sdk_win_64/winavr/bin/../lib/gcc/avr/4.3.3/../../../../avr/lib/avr5/crtm32.o
                0x00000054                __init
 *(.init0)
 *(.init1)
 *(.init1)
 *(.init2)
 .init2         0x00000054        0xc c:/users/ahmed/documents/everything/imt/imt_tools/sdk/imt_sdk_win_64/winavr/bin/../lib/gcc/avr/4.3.3/../../../../avr/lib/avr5/crtm32.o
 *(.init2)
 *(.init3)
 *(.init3)
 *(.init4)
 .init4         0x00000060       0x16 c:/users/ahmed/documents/everything/imt/imt_tools/sdk/imt_sdk_win_64/winavr/bin/../lib/gcc/avr/4.3.3/avr5\libgcc.a(_copy_data.o)
                0x00000060                __do_copy_data
 .init4         0x00000076       0x10 c:/users/ahmed/documents/everything/imt/imt_tools/sdk/imt_sdk_win_64/winavr/bin/../lib/gcc/avr/4.3.3/avr5\libgcc.a(_clear_bss.o)
                0x00000076                __do_clear_bss
 *(.init4)
 *(.init5)
 *(.init5)
 *(.init6)
 *(.init6)
 *(.init7)
 *(.init7)
 *(.init8)
 *(.init8)
 *(.init9)
 .init9         0x00000086        0x8 c:/users/ahmed/documents/everything/imt/imt_tools/sdk/imt_sdk_win_64/winavr/bin/../lib/gcc/avr/4.3.3/../../../../avr/lib/avr5/crtm32.o
 *(.init9)
 *(.text)
 .text          0x0000008e        0x4 c:/users/ahmed/documents/everything/imt/imt_tools/sdk/imt_sdk_win_64/winavr/bin/../lib/gcc/avr/4.3.3/../../../../avr/lib/avr5/crtm32.o
                0x0000008e                __bad_interrupt
                0x0000008e                __vector_11
                0x0000008e                __vector_17
                0x0000008e                __vector_19
                0x0000008e                __vector_5
                0x0000008e                __vector_4
                0x0000008e                __vector_9
                0x0000008e                __vector_8
                0x0000008e                __vector_10
                0x0000008e                __vector_18
                0x0000008e                __vector_20
 .text          0x00000092        0x0 ./MCAL/UART/UART_Program.o
 .text          0x00000092        0x0 ./MCAL/TMR1/TMR1_Imp.o
 .text          0x00000092        0x0 ./MCAL/SPI/SPI_Program.o
 .text          0x00000092        0x0 ./MCAL/Port/Port_Program.o
 .text          0x00000092        0x0 ./MCAL/ICU/ICU_Program.o
 .text          0x00000092        0x0 ./MCAL/I2C/I2C_Program.o
 .text          0x00000092        0x0 ./MCAL/GIE/GIE_Program.o
 .text          0x00000092        0x0 ./MCAL/EXT_INT/EXT_INT_Program.o
 .text          0x00000092        0x0 ./MCAL/DIO/DIO_Program.o
 .text          0x00000092        0x0 ./MCAL/ADC/NTI_ADC_Program.o
 .text          0x00000092        0x0 ./HAL/Servo/ServoMotor_Program.o
 .text          0x00000092        0x0 ./HAL/RTC/RTC_Program.o
 .text          0x00000092        0x0 ./HAL/LCD2/LCD_Imp.o
 .text          0x00000092        0x0 ./HAL/KeyPad/KPD_Program.o
 .text          0x00000092        0x0 ./main.o
 .text          0x00000092        0x0 c:/users/ahmed/documents/everything/imt/imt_tools/sdk/imt_sdk_win_64/winavr/bin/../lib/gcc/avr/4.3.3/avr5\libgcc.a(_mulsi3.o)
 .text          0x00000092        0x0 c:/users/ahmed/documents/everything/imt/imt_tools/sdk/imt_sdk_win_64/winavr/bin/../lib/gcc/avr/4.3.3/avr5\libgcc.a(_udivmodqi4.o)
 .text          0x00000092        0x0 c:/users/ahmed/documents/everything/imt/imt_tools/sdk/imt_sdk_win_64/winavr/bin/../lib/gcc/avr/4.3.3/avr5\libgcc.a(_divmodsi4.o)
 .text          0x00000092        0x0 c:/users/ahmed/documents/everything/imt/imt_tools/sdk/imt_sdk_win_64/winavr/bin/../lib/gcc/avr/4.3.3/avr5\libgcc.a(_exit.o)
 .text          0x00000092        0x0 c:/users/ahmed/documents/everything/imt/imt_tools/sdk/imt_sdk_win_64/winavr/bin/../lib/gcc/avr/4.3.3/avr5\libgcc.a(_copy_data.o)
 .text          0x00000092        0x0 c:/users/ahmed/documents/everything/imt/imt_tools/sdk/imt_sdk_win_64/winavr/bin/../lib/gcc/avr/4.3.3/avr5\libgcc.a(_clear_bss.o)
 .text          0x00000092       0x58 c:/users/ahmed/documents/everything/imt/imt_tools/sdk/imt_sdk_win_64/winavr/bin/../lib/gcc/avr/4.3.3/avr5\libgcc.a(_fixunssfsi.o)
                0x00000092                __fixunssfsi
 .text          0x000000ea      0x354 c:/users/ahmed/documents/everything/imt/imt_tools/sdk/imt_sdk_win_64/winavr/bin/../lib/gcc/avr/4.3.3/avr5\libgcc.a(_addsub_sf.o)
                0x00000382                __subsf3
                0x000003e4                __addsf3
 .text          0x0000043e      0x1f4 c:/users/ahmed/documents/everything/imt/imt_tools/sdk/imt_sdk_win_64/winavr/bin/../lib/gcc/avr/4.3.3/avr5\libgcc.a(_mul_sf.o)
                0x0000043e                __mulsf3
 .text          0x00000632      0x158 c:/users/ahmed/documents/everything/imt/imt_tools/sdk/imt_sdk_win_64/winavr/bin/../lib/gcc/avr/4.3.3/avr5\libgcc.a(_div_sf.o)
                0x00000632                __divsf3
 .text          0x0000078a       0x60 c:/users/ahmed/documents/everything/imt/imt_tools/sdk/imt_sdk_win_64/winavr/bin/../lib/gcc/avr/4.3.3/avr5\libgcc.a(_gt_sf.o)
                0x0000078a                __gtsf2
 .text          0x000007ea       0x60 c:/users/ahmed/documents/everything/imt/imt_tools/sdk/imt_sdk_win_64/winavr/bin/../lib/gcc/avr/4.3.3/avr5\libgcc.a(_ge_sf.o)
                0x000007ea                __gesf2
 .text          0x0000084a       0x60 c:/users/ahmed/documents/everything/imt/imt_tools/sdk/imt_sdk_win_64/winavr/bin/../lib/gcc/avr/4.3.3/avr5\libgcc.a(_lt_sf.o)
                0x0000084a                __ltsf2
 .text          0x000008aa       0xa8 c:/users/ahmed/documents/everything/imt/imt_tools/sdk/imt_sdk_win_64/winavr/bin/../lib/gcc/avr/4.3.3/avr5\libgcc.a(_sf_to_si.o)
                0x000008aa                __fixsfsi
 .text          0x00000952        0x0 c:/users/ahmed/documents/everything/imt/imt_tools/sdk/imt_sdk_win_64/winavr/bin/../lib/gcc/avr/4.3.3/avr5\libgcc.a(_thenan_sf.o)
 .text          0x00000952       0xf2 c:/users/ahmed/documents/everything/imt/imt_tools/sdk/imt_sdk_win_64/winavr/bin/../lib/gcc/avr/4.3.3/avr5\libgcc.a(_usi_to_sf.o)
                0x00000952                __floatunsisf
 .text          0x00000a44        0x0 c:/users/ahmed/documents/everything/imt/imt_tools/sdk/imt_sdk_win_64/winavr/bin/../lib/gcc/avr/4.3.3/avr5\libgcc.a(_udivmodsi4.o)
 .text          0x00000a44        0x0 c:/users/ahmed/documents/everything/imt/imt_tools/sdk/imt_sdk_win_64/winavr/bin/../lib/gcc/avr/4.3.3/avr5\libgcc.a(_prologue.o)
 .text          0x00000a44        0x0 c:/users/ahmed/documents/everything/imt/imt_tools/sdk/imt_sdk_win_64/winavr/bin/../lib/gcc/avr/4.3.3/avr5\libgcc.a(_epilogue.o)
 .text          0x00000a44       0x9e c:/users/ahmed/documents/everything/imt/imt_tools/sdk/imt_sdk_win_64/winavr/bin/../lib/gcc/avr/4.3.3/avr5\libgcc.a(_clzsi2.o)
                0x00000a44                __clzsi2
 .text          0x00000ae2      0x1aa c:/users/ahmed/documents/everything/imt/imt_tools/sdk/imt_sdk_win_64/winavr/bin/../lib/gcc/avr/4.3.3/avr5\libgcc.a(_pack_sf.o)
                0x00000ae2                __pack_f
 .text          0x00000c8c       0xf0 c:/users/ahmed/documents/everything/imt/imt_tools/sdk/imt_sdk_win_64/winavr/bin/../lib/gcc/avr/4.3.3/avr5\libgcc.a(_unpack_sf.o)
                0x00000c8c                __unpack_f
 .text          0x00000d7c       0xb2 c:/users/ahmed/documents/everything/imt/imt_tools/sdk/imt_sdk_win_64/winavr/bin/../lib/gcc/avr/4.3.3/avr5\libgcc.a(_fpcmp_parts_sf.o)
                0x00000d7c                __fpcmp_parts_f
 .text          0x00000e2e        0x0 c:/users/ahmed/documents/everything/imt/imt_tools/sdk/imt_sdk_win_64/winavr/bin/../lib/gcc/avr/4.3.3/avr5\libgcc.a(_clz.o)
                0x00000e2e                . = ALIGN (0x2)
 *(.text.*)
 .text.USART_voidInit
                0x00000e2e       0xd2 ./MCAL/UART/UART_Program.o
                0x00000e2e                USART_voidInit
 .text.USART_voidSend
                0x00000f00       0x34 ./MCAL/UART/UART_Program.o
                0x00000f00                USART_voidSend
 .text.USART_voidSendInterrupt
                0x00000f34       0x1c ./MCAL/UART/UART_Program.o
                0x00000f34                USART_voidSendInterrupt
 .text.USART_u8Receive
                0x00000f50       0x1e ./MCAL/UART/UART_Program.o
                0x00000f50                USART_u8Receive
 .text.USART_u8TransReceive
                0x00000f6e       0x44 ./MCAL/UART/UART_Program.o
                0x00000f6e                USART_u8TransReceive
 .text.USART_u8ReceiveInterrupt
                0x00000fb2       0x14 ./MCAL/UART/UART_Program.o
                0x00000fb2                USART_u8ReceiveInterrupt
 .text.USART_voidSendText
                0x00000fc6       0x52 ./MCAL/UART/UART_Program.o
                0x00000fc6                USART_voidSendText
 .text.USART_voidReceiveText
                0x00001018       0x5c ./MCAL/UART/UART_Program.o
                0x00001018                USART_voidReceiveText
 .text.USART_voidRXCallBackFunc
                0x00001074       0x2c ./MCAL/UART/UART_Program.o
                0x00001074                USART_voidRXCallBackFunc
 .text.USART_voidTXCallBackFunc
                0x000010a0       0x2c ./MCAL/UART/UART_Program.o
                0x000010a0                USART_voidTXCallBackFunc
 .text.USART_voidUDRCallBackFunc
                0x000010cc       0x2c ./MCAL/UART/UART_Program.o
                0x000010cc                USART_voidUDRCallBackFunc
 .text.USART_voidRXEnableInterrupt
                0x000010f8       0x1c ./MCAL/UART/UART_Program.o
                0x000010f8                USART_voidRXEnableInterrupt
 .text.USART_voidRXDisableInterrupt
                0x00001114       0x1c ./MCAL/UART/UART_Program.o
                0x00001114                USART_voidRXDisableInterrupt
 .text.USART_voidTXEnableInterrupt
                0x00001130       0x1c ./MCAL/UART/UART_Program.o
                0x00001130                USART_voidTXEnableInterrupt
 .text.USART_voidTXDisableInterrupt
                0x0000114c       0x1c ./MCAL/UART/UART_Program.o
                0x0000114c                USART_voidTXDisableInterrupt
 .text.USART_voidUDREnableInterrupt
                0x00001168       0x1c ./MCAL/UART/UART_Program.o
                0x00001168                USART_voidUDREnableInterrupt
 .text.USART_voidUDRDisableInterrupt
                0x00001184       0x1c ./MCAL/UART/UART_Program.o
                0x00001184                USART_voidUDRDisableInterrupt
 .text.__vector_13
                0x000011a0       0x66 ./MCAL/UART/UART_Program.o
                0x000011a0                __vector_13
 .text.__vector_14
                0x00001206       0x66 ./MCAL/UART/UART_Program.o
                0x00001206                __vector_14
 .text.__vector_15
                0x0000126c       0x66 ./MCAL/UART/UART_Program.o
                0x0000126c                __vector_15
 .text.TMR1_voidInit
                0x000012d2       0x96 ./MCAL/TMR1/TMR1_Imp.o
                0x000012d2                TMR1_voidInit
 .text.TMR1_voidSetICR
                0x00001368       0x24 ./MCAL/TMR1/TMR1_Imp.o
                0x00001368                TMR1_voidSetICR
 .text.TMR1_voidSetTimerValue
                0x0000138c       0x24 ./MCAL/TMR1/TMR1_Imp.o
                0x0000138c                TMR1_voidSetTimerValue
 .text.TMR1_u16ReadTimerValue
                0x000013b0       0x16 ./MCAL/TMR1/TMR1_Imp.o
                0x000013b0                TMR1_u16ReadTimerValue
 .text.TMR1_voidSetDutyCycle
                0x000013c6       0x24 ./MCAL/TMR1/TMR1_Imp.o
                0x000013c6                TMR1_voidSetDutyCycle
 .text.TMR1_ICUsetEdgeDetectionMode
                0x000013ea       0x3e ./MCAL/TMR1/TMR1_Imp.o
                0x000013ea                TMR1_ICUsetEdgeDetectionMode
 .text.TMR1_ICUgetInputCaptureValue
                0x00001428       0x16 ./MCAL/TMR1/TMR1_Imp.o
                0x00001428                TMR1_ICUgetInputCaptureValue
 .text.TMR1_ICUclearTimerValue
                0x0000143e       0x16 ./MCAL/TMR1/TMR1_Imp.o
                0x0000143e                TMR1_ICUclearTimerValue
 .text.TMR1_ICUDeInit
                0x00001454       0x38 ./MCAL/TMR1/TMR1_Imp.o
                0x00001454                TMR1_ICUDeInit
 .text.TMR1_voidTimer1ICUSetCallBack
                0x0000148c       0x24 ./MCAL/TMR1/TMR1_Imp.o
                0x0000148c                TMR1_voidTimer1ICUSetCallBack
 .text.TMR1_voidTimer1CTCSetCallBack
                0x000014b0       0x24 ./MCAL/TMR1/TMR1_Imp.o
                0x000014b0                TMR1_voidTimer1CTCSetCallBack
 .text.__vector_6
                0x000014d4       0x66 ./MCAL/TMR1/TMR1_Imp.o
                0x000014d4                __vector_6
 .text.__vector_7
                0x0000153a       0x66 ./MCAL/TMR1/TMR1_Imp.o
                0x0000153a                __vector_7
 .text.SPI_voidMasterInit
                0x000015a0       0x8c ./MCAL/SPI/SPI_Program.o
                0x000015a0                SPI_voidMasterInit
 .text.SPI_voidSlaveInit
                0x0000162c       0x46 ./MCAL/SPI/SPI_Program.o
                0x0000162c                SPI_voidSlaveInit
 .text.SPI_u8TransReceive
                0x00001672       0x2c ./MCAL/SPI/SPI_Program.o
                0x00001672                SPI_u8TransReceive
 .text.SPI_u8Receieve
                0x0000169e       0x14 ./MCAL/SPI/SPI_Program.o
                0x0000169e                SPI_u8Receieve
 .text.SPI_voidTransmit
                0x000016b2       0x1c ./MCAL/SPI/SPI_Program.o
                0x000016b2                SPI_voidTransmit
 .text.SPI_voidCallBack
                0x000016ce       0x2c ./MCAL/SPI/SPI_Program.o
                0x000016ce                SPI_voidCallBack
 .text.__vector_12
                0x000016fa       0x66 ./MCAL/SPI/SPI_Program.o
                0x000016fa                __vector_12
 .text.PORT_voidInit
                0x00001760       0x4c ./MCAL/Port/Port_Program.o
                0x00001760                PORT_voidInit
 .text.I2C_Master_voidInit
                0x000017ac       0x40 ./MCAL/I2C/I2C_Program.o
                0x000017ac                I2C_Master_voidInit
 .text.I2C_Slave_voidInit
                0x000017ec       0x38 ./MCAL/I2C/I2C_Program.o
                0x000017ec                I2C_Slave_voidInit
 .text.I2C_Master_enuSendStartCond
                0x00001824       0x40 ./MCAL/I2C/I2C_Program.o
                0x00001824                I2C_Master_enuSendStartCond
 .text.I2C_Master_enuSendRepeatedStartCond
                0x00001864       0x40 ./MCAL/I2C/I2C_Program.o
                0x00001864                I2C_Master_enuSendRepeatedStartCond
 .text.I2C_Master_enuSendSlaveAddressWithRead
                0x000018a4       0x5a ./MCAL/I2C/I2C_Program.o
                0x000018a4                I2C_Master_enuSendSlaveAddressWithRead
 .text.I2C_Master_enuSendSlaveAddressWithWrite
                0x000018fe       0x5a ./MCAL/I2C/I2C_Program.o
                0x000018fe                I2C_Master_enuSendSlaveAddressWithWrite
 .text.I2C_Master_enuSendu8Data
                0x00001958       0x4c ./MCAL/I2C/I2C_Program.o
                0x00001958                I2C_Master_enuSendu8Data
 .text.I2C_Master_enuReadu8Data
                0x000019a4       0x6a ./MCAL/I2C/I2C_Program.o
                0x000019a4                I2C_Master_enuReadu8Data
 .text.I2C_Master_voidFlush
                0x00001a0e       0x40 ./MCAL/I2C/I2C_Program.o
                0x00001a0e                I2C_Master_voidFlush
 .text.I2C_Master_enuSendStopCond
                0x00001a4e       0x2c ./MCAL/I2C/I2C_Program.o
                0x00001a4e                I2C_Master_enuSendStopCond
 .text.I2C_Slave_enuReadu8Data
                0x00001a7a       0x1a ./MCAL/I2C/I2C_Program.o
                0x00001a7a                I2C_Slave_enuReadu8Data
 .text.GIE_voidEnable
                0x00001a94       0x1c ./MCAL/GIE/GIE_Program.o
                0x00001a94                GIE_voidEnable
 .text.GIE_voidDisable
                0x00001ab0       0x1c ./MCAL/GIE/GIE_Program.o
                0x00001ab0                GIE_voidDisable
 .text.EXTI0_voidInit
                0x00001acc       0x2a ./MCAL/EXT_INT/EXT_INT_Program.o
                0x00001acc                EXTI0_voidInit
 .text.EXTI0_voidEnable
                0x00001af6       0x1c ./MCAL/EXT_INT/EXT_INT_Program.o
                0x00001af6                EXTI0_voidEnable
 .text.EXTI0_voidDisable
                0x00001b12       0x1c ./MCAL/EXT_INT/EXT_INT_Program.o
                0x00001b12                EXTI0_voidDisable
 .text.EXT0_voidSetSignalch
                0x00001b2e       0xce ./MCAL/EXT_INT/EXT_INT_Program.o
                0x00001b2e                EXT0_voidSetSignalch
 .text.EXTI1_voidInit
                0x00001bfc       0x2a ./MCAL/EXT_INT/EXT_INT_Program.o
                0x00001bfc                EXTI1_voidInit
 .text.EXTI1_voidEnable
                0x00001c26       0x1c ./MCAL/EXT_INT/EXT_INT_Program.o
                0x00001c26                EXTI1_voidEnable
 .text.EXTI1_voidDisable
                0x00001c42       0x1c ./MCAL/EXT_INT/EXT_INT_Program.o
                0x00001c42                EXTI1_voidDisable
 .text.EXT1_voidSetSignalch
                0x00001c5e       0xce ./MCAL/EXT_INT/EXT_INT_Program.o
                0x00001c5e                EXT1_voidSetSignalch
 .text.EXTI2_voidInit
                0x00001d2c       0x1c ./MCAL/EXT_INT/EXT_INT_Program.o
                0x00001d2c                EXTI2_voidInit
 .text.EXTI2_voidEnable
                0x00001d48       0x1c ./MCAL/EXT_INT/EXT_INT_Program.o
                0x00001d48                EXTI2_voidEnable
 .text.EXTI2_voidDisable
                0x00001d64       0x1c ./MCAL/EXT_INT/EXT_INT_Program.o
                0x00001d64                EXTI2_voidDisable
 .text.EXT2_voidSetSignalch
                0x00001d80       0x56 ./MCAL/EXT_INT/EXT_INT_Program.o
                0x00001d80                EXT2_voidSetSignalch
 .text.EXT0_VID_SET_CALL_BACK
                0x00001dd6       0x2c ./MCAL/EXT_INT/EXT_INT_Program.o
                0x00001dd6                EXT0_VID_SET_CALL_BACK
 .text.EXT1_VID_SET_CALL_BACK
                0x00001e02       0x2c ./MCAL/EXT_INT/EXT_INT_Program.o
                0x00001e02                EXT1_VID_SET_CALL_BACK
 .text.EXT2_VID_SET_CALL_BACK
                0x00001e2e       0x2c ./MCAL/EXT_INT/EXT_INT_Program.o
                0x00001e2e                EXT2_VID_SET_CALL_BACK
 .text.__vector_1
                0x00001e5a       0x66 ./MCAL/EXT_INT/EXT_INT_Program.o
                0x00001e5a                __vector_1
 .text.__vector_2
                0x00001ec0       0x66 ./MCAL/EXT_INT/EXT_INT_Program.o
                0x00001ec0                __vector_2
 .text.__vector_3
                0x00001f26       0x66 ./MCAL/EXT_INT/EXT_INT_Program.o
                0x00001f26                __vector_3
 .text.DIO_u8SetPinValue
                0x00001f8c      0x1fc ./MCAL/DIO/DIO_Program.o
                0x00001f8c                DIO_u8SetPinValue
 .text.DIO_u8SetPortValue
                0x00002188       0x96 ./MCAL/DIO/DIO_Program.o
                0x00002188                DIO_u8SetPortValue
 .text.DIO_GetPinValue
                0x0000221e      0x11a ./MCAL/DIO/DIO_Program.o
                0x0000221e                DIO_GetPinValue
 .text.DIO_voidSetPortValue
                0x00002338       0x1c ./MCAL/DIO/DIO_Program.o
                0x00002338                DIO_voidSetPortValue
 .text.ADC_voidInit
                0x00002354       0x7a ./MCAL/ADC/NTI_ADC_Program.o
                0x00002354                ADC_voidInit
 .text.ADC_voidEnable
                0x000023ce       0x1c ./MCAL/ADC/NTI_ADC_Program.o
                0x000023ce                ADC_voidEnable
 .text.ADC_voidInterrputEnable
                0x000023ea       0x1c ./MCAL/ADC/NTI_ADC_Program.o
                0x000023ea                ADC_voidInterrputEnable
 .text.ADC_voidDisable
                0x00002406       0x1c ./MCAL/ADC/NTI_ADC_Program.o
                0x00002406                ADC_voidDisable
 .text.ADC_u16ReadADC
                0x00002422       0x76 ./MCAL/ADC/NTI_ADC_Program.o
                0x00002422                ADC_u16ReadADC
 .text.ADC_voidStartConversion
                0x00002498       0x64 ./MCAL/ADC/NTI_ADC_Program.o
                0x00002498                ADC_voidStartConversion
 .text.ADC_voidStartInterruptConversion
                0x000024fc       0x40 ./MCAL/ADC/NTI_ADC_Program.o
                0x000024fc                ADC_voidStartInterruptConversion
 .text.ADC_u16ReadADCInMV
                0x0000253c       0x94 ./MCAL/ADC/NTI_ADC_Program.o
                0x0000253c                ADC_u16ReadADCInMV
 .text.ADC_voidDisableInt
                0x000025d0       0x1c ./MCAL/ADC/NTI_ADC_Program.o
                0x000025d0                ADC_voidDisableInt
 .text.ADC_SetCallback
                0x000025ec       0x2c ./MCAL/ADC/NTI_ADC_Program.o
                0x000025ec                ADC_SetCallback
 .text.__vector_16
                0x00002618       0x66 ./MCAL/ADC/NTI_ADC_Program.o
                0x00002618                __vector_16
 .text.RTC_Read_Calendar
                0x0000267e       0x50 ./HAL/RTC/RTC_Program.o
                0x0000267e                RTC_Read_Calendar
 .text.RTC_Write_Calendar
                0x000026ce       0x4e ./HAL/RTC/RTC_Program.o
                0x000026ce                RTC_Write_Calendar
 .text.RTC_Write_Clock
                0x0000271c       0x44 ./HAL/RTC/RTC_Program.o
                0x0000271c                RTC_Write_Clock
 .text.RTC_Read_Time
                0x00002760       0x48 ./HAL/RTC/RTC_Program.o
                0x00002760                RTC_Read_Time
 .text.LCD_voidInit
                0x000027a8      0xc00 ./HAL/LCD2/LCD_Imp.o
                0x000027a8                LCD_voidInit
 .text.LCD_voidSendCommand
                0x000033a8      0x1e0 ./HAL/LCD2/LCD_Imp.o
                0x000033a8                LCD_voidSendCommand
 .text.LCD_voidSendInitCommand
                0x00003588      0x180 ./HAL/LCD2/LCD_Imp.o
                0x00003588                LCD_voidSendInitCommand
 .text.LCD_voidWriteChar
                0x00003708      0x1e0 ./HAL/LCD2/LCD_Imp.o
                0x00003708                LCD_voidWriteChar
 .text.LCD_voidWriteString
                0x000038e8       0x52 ./HAL/LCD2/LCD_Imp.o
                0x000038e8                LCD_voidWriteString
 .text.IntToString
                0x0000393a      0x18a ./HAL/LCD2/LCD_Imp.o
                0x0000393a                IntToString
 .text.LCD_voidWriteIntData
                0x00003ac4       0x6a ./HAL/LCD2/LCD_Imp.o
                0x00003ac4                LCD_voidWriteIntData
 .text.LCD_voidWriteFloatData
                0x00003b2e      0x13e ./HAL/LCD2/LCD_Imp.o
                0x00003b2e                LCD_voidWriteFloatData
 .text.LCD_voidGoToPosition
                0x00003c6c       0x62 ./HAL/LCD2/LCD_Imp.o
                0x00003c6c                LCD_voidGoToPosition
 .text.LCD_voidClear
                0x00003cce       0x26 ./HAL/LCD2/LCD_Imp.o
                0x00003cce                LCD_voidClear
 .text.LCD_voidClearLine
                0x00003cf4       0x3c ./HAL/LCD2/LCD_Imp.o
                0x00003cf4                LCD_voidClearLine
 .text.LCD_voidDisplaySpecialChar
                0x00003d30       0x9a ./HAL/LCD2/LCD_Imp.o
                0x00003d30                LCD_voidDisplaySpecialChar
 .text.KPD_u8GetPressedKey
                0x00003dca       0xf2 ./HAL/KeyPad/KPD_Program.o
                0x00003dca                KPD_u8GetPressedKey
 .text.Convert  0x00003ebc       0x44 ./main.o
                0x00003ebc                Convert
 .text.main     0x00003f00      0x266 ./main.o
                0x00003f00                main
 .text.libgcc   0x00004166       0x3e c:/users/ahmed/documents/everything/imt/imt_tools/sdk/imt_sdk_win_64/winavr/bin/../lib/gcc/avr/4.3.3/avr5\libgcc.a(_mulsi3.o)
                0x00004166                __mulsi3
 .text.libgcc   0x000041a4       0x18 c:/users/ahmed/documents/everything/imt/imt_tools/sdk/imt_sdk_win_64/winavr/bin/../lib/gcc/avr/4.3.3/avr5\libgcc.a(_udivmodqi4.o)
                0x000041a4                __udivmodqi4
 .text.libgcc   0x000041bc       0x36 c:/users/ahmed/documents/everything/imt/imt_tools/sdk/imt_sdk_win_64/winavr/bin/../lib/gcc/avr/4.3.3/avr5\libgcc.a(_divmodsi4.o)
                0x000041bc                __divmodsi4
 .text.libgcc   0x000041f2        0x0 c:/users/ahmed/documents/everything/imt/imt_tools/sdk/imt_sdk_win_64/winavr/bin/../lib/gcc/avr/4.3.3/avr5\libgcc.a(_exit.o)
 .text.libgcc   0x000041f2        0x0 c:/users/ahmed/documents/everything/imt/imt_tools/sdk/imt_sdk_win_64/winavr/bin/../lib/gcc/avr/4.3.3/avr5\libgcc.a(_copy_data.o)
 .text.libgcc   0x000041f2        0x0 c:/users/ahmed/documents/everything/imt/imt_tools/sdk/imt_sdk_win_64/winavr/bin/../lib/gcc/avr/4.3.3/avr5\libgcc.a(_clear_bss.o)
 .text.libgcc   0x000041f2       0x44 c:/users/ahmed/documents/everything/imt/imt_tools/sdk/imt_sdk_win_64/winavr/bin/../lib/gcc/avr/4.3.3/avr5\libgcc.a(_udivmodsi4.o)
                0x000041f2                __udivmodsi4
 .text.libgcc   0x00004236       0x38 c:/users/ahmed/documents/everything/imt/imt_tools/sdk/imt_sdk_win_64/winavr/bin/../lib/gcc/avr/4.3.3/avr5\libgcc.a(_prologue.o)
                0x00004236                __prologue_saves__
 .text.libgcc   0x0000426e       0x36 c:/users/ahmed/documents/everything/imt/imt_tools/sdk/imt_sdk_win_64/winavr/bin/../lib/gcc/avr/4.3.3/avr5\libgcc.a(_epilogue.o)
                0x0000426e                __epilogue_restores__
                0x000042a4                . = ALIGN (0x2)
 *(.fini9)
 .fini9         0x000042a4        0x0 c:/users/ahmed/documents/everything/imt/imt_tools/sdk/imt_sdk_win_64/winavr/bin/../lib/gcc/avr/4.3.3/avr5\libgcc.a(_exit.o)
                0x000042a4                exit
                0x000042a4                _exit
 *(.fini9)
 *(.fini8)
 *(.fini8)
 *(.fini7)
 *(.fini7)
 *(.fini6)
 *(.fini6)
 *(.fini5)
 *(.fini5)
 *(.fini4)
 *(.fini4)
 *(.fini3)
 *(.fini3)
 *(.fini2)
 *(.fini2)
 *(.fini1)
 *(.fini1)
 *(.fini0)
 .fini0         0x000042a4        0x4 c:/users/ahmed/documents/everything/imt/imt_tools/sdk/imt_sdk_win_64/winavr/bin/../lib/gcc/avr/4.3.3/avr5\libgcc.a(_exit.o)
 *(.fini0)
                0x000042a8                _etext = .

.data           0x00800060      0x14e load address 0x000042a8
                0x00800060                PROVIDE (__data_start, .)
 *(.data)
 .data          0x00800060        0x0 c:/users/ahmed/documents/everything/imt/imt_tools/sdk/imt_sdk_win_64/winavr/bin/../lib/gcc/avr/4.3.3/../../../../avr/lib/avr5/crtm32.o
 .data          0x00800060        0x0 ./MCAL/UART/UART_Program.o
 .data          0x00800060        0x0 ./MCAL/TMR1/TMR1_Imp.o
 .data          0x00800060        0x0 ./MCAL/SPI/SPI_Program.o
 .data          0x00800060        0x0 ./MCAL/Port/Port_Program.o
 .data          0x00800060        0x0 ./MCAL/ICU/ICU_Program.o
 .data          0x00800060        0x0 ./MCAL/I2C/I2C_Program.o
 .data          0x00800060        0x0 ./MCAL/GIE/GIE_Program.o
 .data          0x00800060        0x0 ./MCAL/EXT_INT/EXT_INT_Program.o
 .data          0x00800060        0x0 ./MCAL/DIO/DIO_Program.o
 .data          0x00800060        0x0 ./MCAL/ADC/NTI_ADC_Program.o
 .data          0x00800060        0x0 ./HAL/Servo/ServoMotor_Program.o
 .data          0x00800060        0x0 ./HAL/RTC/RTC_Program.o
 .data          0x00800060        0x0 ./HAL/LCD2/LCD_Imp.o
 .data          0x00800060        0x0 ./HAL/KeyPad/KPD_Program.o
 .data          0x00800060       0x1c ./main.o
 .data          0x0080007c        0x0 c:/users/ahmed/documents/everything/imt/imt_tools/sdk/imt_sdk_win_64/winavr/bin/../lib/gcc/avr/4.3.3/avr5\libgcc.a(_mulsi3.o)
 .data          0x0080007c        0x0 c:/users/ahmed/documents/everything/imt/imt_tools/sdk/imt_sdk_win_64/winavr/bin/../lib/gcc/avr/4.3.3/avr5\libgcc.a(_udivmodqi4.o)
 .data          0x0080007c        0x0 c:/users/ahmed/documents/everything/imt/imt_tools/sdk/imt_sdk_win_64/winavr/bin/../lib/gcc/avr/4.3.3/avr5\libgcc.a(_divmodsi4.o)
 .data          0x0080007c        0x0 c:/users/ahmed/documents/everything/imt/imt_tools/sdk/imt_sdk_win_64/winavr/bin/../lib/gcc/avr/4.3.3/avr5\libgcc.a(_exit.o)
 .data          0x0080007c        0x0 c:/users/ahmed/documents/everything/imt/imt_tools/sdk/imt_sdk_win_64/winavr/bin/../lib/gcc/avr/4.3.3/avr5\libgcc.a(_copy_data.o)
 .data          0x0080007c        0x0 c:/users/ahmed/documents/everything/imt/imt_tools/sdk/imt_sdk_win_64/winavr/bin/../lib/gcc/avr/4.3.3/avr5\libgcc.a(_clear_bss.o)
 .data          0x0080007c        0x0 c:/users/ahmed/documents/everything/imt/imt_tools/sdk/imt_sdk_win_64/winavr/bin/../lib/gcc/avr/4.3.3/avr5\libgcc.a(_fixunssfsi.o)
 .data          0x0080007c        0x0 c:/users/ahmed/documents/everything/imt/imt_tools/sdk/imt_sdk_win_64/winavr/bin/../lib/gcc/avr/4.3.3/avr5\libgcc.a(_addsub_sf.o)
 .data          0x0080007c        0x0 c:/users/ahmed/documents/everything/imt/imt_tools/sdk/imt_sdk_win_64/winavr/bin/../lib/gcc/avr/4.3.3/avr5\libgcc.a(_mul_sf.o)
 .data          0x0080007c        0x0 c:/users/ahmed/documents/everything/imt/imt_tools/sdk/imt_sdk_win_64/winavr/bin/../lib/gcc/avr/4.3.3/avr5\libgcc.a(_div_sf.o)
 .data          0x0080007c        0x0 c:/users/ahmed/documents/everything/imt/imt_tools/sdk/imt_sdk_win_64/winavr/bin/../lib/gcc/avr/4.3.3/avr5\libgcc.a(_gt_sf.o)
 .data          0x0080007c        0x0 c:/users/ahmed/documents/everything/imt/imt_tools/sdk/imt_sdk_win_64/winavr/bin/../lib/gcc/avr/4.3.3/avr5\libgcc.a(_ge_sf.o)
 .data          0x0080007c        0x0 c:/users/ahmed/documents/everything/imt/imt_tools/sdk/imt_sdk_win_64/winavr/bin/../lib/gcc/avr/4.3.3/avr5\libgcc.a(_lt_sf.o)
 .data          0x0080007c        0x0 c:/users/ahmed/documents/everything/imt/imt_tools/sdk/imt_sdk_win_64/winavr/bin/../lib/gcc/avr/4.3.3/avr5\libgcc.a(_sf_to_si.o)
 .data          0x0080007c        0x8 c:/users/ahmed/documents/everything/imt/imt_tools/sdk/imt_sdk_win_64/winavr/bin/../lib/gcc/avr/4.3.3/avr5\libgcc.a(_thenan_sf.o)
                0x0080007c                __thenan_sf
 .data          0x00800084        0x0 c:/users/ahmed/documents/everything/imt/imt_tools/sdk/imt_sdk_win_64/winavr/bin/../lib/gcc/avr/4.3.3/avr5\libgcc.a(_usi_to_sf.o)
 .data          0x00800084        0x0 c:/users/ahmed/documents/everything/imt/imt_tools/sdk/imt_sdk_win_64/winavr/bin/../lib/gcc/avr/4.3.3/avr5\libgcc.a(_udivmodsi4.o)
 .data          0x00800084        0x0 c:/users/ahmed/documents/everything/imt/imt_tools/sdk/imt_sdk_win_64/winavr/bin/../lib/gcc/avr/4.3.3/avr5\libgcc.a(_prologue.o)
 .data          0x00800084        0x0 c:/users/ahmed/documents/everything/imt/imt_tools/sdk/imt_sdk_win_64/winavr/bin/../lib/gcc/avr/4.3.3/avr5\libgcc.a(_epilogue.o)
 .data          0x00800084        0x0 c:/users/ahmed/documents/everything/imt/imt_tools/sdk/imt_sdk_win_64/winavr/bin/../lib/gcc/avr/4.3.3/avr5\libgcc.a(_clzsi2.o)
 .data          0x00800084        0x0 c:/users/ahmed/documents/everything/imt/imt_tools/sdk/imt_sdk_win_64/winavr/bin/../lib/gcc/avr/4.3.3/avr5\libgcc.a(_pack_sf.o)
 .data          0x00800084        0x0 c:/users/ahmed/documents/everything/imt/imt_tools/sdk/imt_sdk_win_64/winavr/bin/../lib/gcc/avr/4.3.3/avr5\libgcc.a(_unpack_sf.o)
 .data          0x00800084        0x0 c:/users/ahmed/documents/everything/imt/imt_tools/sdk/imt_sdk_win_64/winavr/bin/../lib/gcc/avr/4.3.3/avr5\libgcc.a(_fpcmp_parts_sf.o)
 .data          0x00800084      0x100 c:/users/ahmed/documents/everything/imt/imt_tools/sdk/imt_sdk_win_64/winavr/bin/../lib/gcc/avr/4.3.3/avr5\libgcc.a(_clz.o)
                0x00800084                __clz_tab
 *(.data*)
 .data.Vref     0x00800184        0x4 ./MCAL/ADC/NTI_ADC_Program.o
                0x00800184                Vref
 .data.Local_u8KPDRowArr.1212
                0x00800188        0x4 ./HAL/KeyPad/KPD_Program.o
 .data.Local_u8KPDColmArr.1211
                0x0080018c        0x4 ./HAL/KeyPad/KPD_Program.o
 .data.Local_u8KPDArr.1210
                0x00800190       0x10 ./HAL/KeyPad/KPD_Program.o
 .data.days     0x008001a0        0xe ./main.o
                0x008001a0                days
 *(.rodata)
 *(.rodata*)
 *(.gnu.linkonce.d*)
                0x008001ae                . = ALIGN (0x2)
                0x008001ae                _edata = .
                0x008001ae                PROVIDE (__data_end, .)

.bss            0x008001ae       0x1f
                0x008001ae                PROVIDE (__bss_start, .)
 *(.bss)
 .bss           0x008001ae        0x0 c:/users/ahmed/documents/everything/imt/imt_tools/sdk/imt_sdk_win_64/winavr/bin/../lib/gcc/avr/4.3.3/../../../../avr/lib/avr5/crtm32.o
 .bss           0x008001ae        0x0 ./MCAL/UART/UART_Program.o
 .bss           0x008001ae        0x0 ./MCAL/TMR1/TMR1_Imp.o
 .bss           0x008001ae        0x0 ./MCAL/SPI/SPI_Program.o
 .bss           0x008001ae        0x0 ./MCAL/Port/Port_Program.o
 .bss           0x008001ae        0x0 ./MCAL/ICU/ICU_Program.o
 .bss           0x008001ae        0x0 ./MCAL/I2C/I2C_Program.o
 .bss           0x008001ae        0x0 ./MCAL/GIE/GIE_Program.o
 .bss           0x008001ae        0x0 ./MCAL/EXT_INT/EXT_INT_Program.o
 .bss           0x008001ae        0x0 ./MCAL/DIO/DIO_Program.o
 .bss           0x008001ae        0x0 ./MCAL/ADC/NTI_ADC_Program.o
 .bss           0x008001ae        0x0 ./HAL/Servo/ServoMotor_Program.o
 .bss           0x008001ae        0x0 ./HAL/RTC/RTC_Program.o
 .bss           0x008001ae        0x0 ./HAL/LCD2/LCD_Imp.o
 .bss           0x008001ae        0x0 ./HAL/KeyPad/KPD_Program.o
 .bss           0x008001ae        0x0 ./main.o
 .bss           0x008001ae        0x0 c:/users/ahmed/documents/everything/imt/imt_tools/sdk/imt_sdk_win_64/winavr/bin/../lib/gcc/avr/4.3.3/avr5\libgcc.a(_mulsi3.o)
 .bss           0x008001ae        0x0 c:/users/ahmed/documents/everything/imt/imt_tools/sdk/imt_sdk_win_64/winavr/bin/../lib/gcc/avr/4.3.3/avr5\libgcc.a(_udivmodqi4.o)
 .bss           0x008001ae        0x0 c:/users/ahmed/documents/everything/imt/imt_tools/sdk/imt_sdk_win_64/winavr/bin/../lib/gcc/avr/4.3.3/avr5\libgcc.a(_divmodsi4.o)
 .bss           0x008001ae        0x0 c:/users/ahmed/documents/everything/imt/imt_tools/sdk/imt_sdk_win_64/winavr/bin/../lib/gcc/avr/4.3.3/avr5\libgcc.a(_exit.o)
 .bss           0x008001ae        0x0 c:/users/ahmed/documents/everything/imt/imt_tools/sdk/imt_sdk_win_64/winavr/bin/../lib/gcc/avr/4.3.3/avr5\libgcc.a(_copy_data.o)
 .bss           0x008001ae        0x0 c:/users/ahmed/documents/everything/imt/imt_tools/sdk/imt_sdk_win_64/winavr/bin/../lib/gcc/avr/4.3.3/avr5\libgcc.a(_clear_bss.o)
 .bss           0x008001ae        0x0 c:/users/ahmed/documents/everything/imt/imt_tools/sdk/imt_sdk_win_64/winavr/bin/../lib/gcc/avr/4.3.3/avr5\libgcc.a(_fixunssfsi.o)
 .bss           0x008001ae        0x0 c:/users/ahmed/documents/everything/imt/imt_tools/sdk/imt_sdk_win_64/winavr/bin/../lib/gcc/avr/4.3.3/avr5\libgcc.a(_addsub_sf.o)
 .bss           0x008001ae        0x0 c:/users/ahmed/documents/everything/imt/imt_tools/sdk/imt_sdk_win_64/winavr/bin/../lib/gcc/avr/4.3.3/avr5\libgcc.a(_mul_sf.o)
 .bss           0x008001ae        0x0 c:/users/ahmed/documents/everything/imt/imt_tools/sdk/imt_sdk_win_64/winavr/bin/../lib/gcc/avr/4.3.3/avr5\libgcc.a(_div_sf.o)
 .bss           0x008001ae        0x0 c:/users/ahmed/documents/everything/imt/imt_tools/sdk/imt_sdk_win_64/winavr/bin/../lib/gcc/avr/4.3.3/avr5\libgcc.a(_gt_sf.o)
 .bss           0x008001ae        0x0 c:/users/ahmed/documents/everything/imt/imt_tools/sdk/imt_sdk_win_64/winavr/bin/../lib/gcc/avr/4.3.3/avr5\libgcc.a(_ge_sf.o)
 .bss           0x008001ae        0x0 c:/users/ahmed/documents/everything/imt/imt_tools/sdk/imt_sdk_win_64/winavr/bin/../lib/gcc/avr/4.3.3/avr5\libgcc.a(_lt_sf.o)
 .bss           0x008001ae        0x0 c:/users/ahmed/documents/everything/imt/imt_tools/sdk/imt_sdk_win_64/winavr/bin/../lib/gcc/avr/4.3.3/avr5\libgcc.a(_sf_to_si.o)
 .bss           0x008001ae        0x0 c:/users/ahmed/documents/everything/imt/imt_tools/sdk/imt_sdk_win_64/winavr/bin/../lib/gcc/avr/4.3.3/avr5\libgcc.a(_thenan_sf.o)
 .bss           0x008001ae        0x0 c:/users/ahmed/documents/everything/imt/imt_tools/sdk/imt_sdk_win_64/winavr/bin/../lib/gcc/avr/4.3.3/avr5\libgcc.a(_usi_to_sf.o)
 .bss           0x008001ae        0x0 c:/users/ahmed/documents/everything/imt/imt_tools/sdk/imt_sdk_win_64/winavr/bin/../lib/gcc/avr/4.3.3/avr5\libgcc.a(_udivmodsi4.o)
 .bss           0x008001ae        0x0 c:/users/ahmed/documents/everything/imt/imt_tools/sdk/imt_sdk_win_64/winavr/bin/../lib/gcc/avr/4.3.3/avr5\libgcc.a(_prologue.o)
 .bss           0x008001ae        0x0 c:/users/ahmed/documents/everything/imt/imt_tools/sdk/imt_sdk_win_64/winavr/bin/../lib/gcc/avr/4.3.3/avr5\libgcc.a(_epilogue.o)
 .bss           0x008001ae        0x0 c:/users/ahmed/documents/everything/imt/imt_tools/sdk/imt_sdk_win_64/winavr/bin/../lib/gcc/avr/4.3.3/avr5\libgcc.a(_clzsi2.o)
 .bss           0x008001ae        0x0 c:/users/ahmed/documents/everything/imt/imt_tools/sdk/imt_sdk_win_64/winavr/bin/../lib/gcc/avr/4.3.3/avr5\libgcc.a(_pack_sf.o)
 .bss           0x008001ae        0x0 c:/users/ahmed/documents/everything/imt/imt_tools/sdk/imt_sdk_win_64/winavr/bin/../lib/gcc/avr/4.3.3/avr5\libgcc.a(_unpack_sf.o)
 .bss           0x008001ae        0x0 c:/users/ahmed/documents/everything/imt/imt_tools/sdk/imt_sdk_win_64/winavr/bin/../lib/gcc/avr/4.3.3/avr5\libgcc.a(_fpcmp_parts_sf.o)
 .bss           0x008001ae        0x0 c:/users/ahmed/documents/everything/imt/imt_tools/sdk/imt_sdk_win_64/winavr/bin/../lib/gcc/avr/4.3.3/avr5\libgcc.a(_clz.o)
 *(.bss*)
 .bss.Private_voidRXFunc
                0x008001ae        0x2 ./MCAL/UART/UART_Program.o
                0x008001ae                Private_voidRXFunc
 .bss.Private_voidUDRFunc
                0x008001b0        0x2 ./MCAL/UART/UART_Program.o
                0x008001b0                Private_voidUDRFunc
 .bss.Private_voidTXFunc
                0x008001b2        0x2 ./MCAL/UART/UART_Program.o
                0x008001b2                Private_voidTXFunc
 .bss.Global_pvTimerICUCallBack
                0x008001b4        0x2 ./MCAL/TMR1/TMR1_Imp.o
 .bss.Global_pvTimerCTCCallBack
                0x008001b6        0x2 ./MCAL/TMR1/TMR1_Imp.o
 .bss.Private_voidSPIFunc
                0x008001b8        0x2 ./MCAL/SPI/SPI_Program.o
                0x008001b8                Private_voidSPIFunc
 .bss.EXTI_pvINT0Func
                0x008001ba        0x2 ./MCAL/EXT_INT/EXT_INT_Program.o
                0x008001ba                EXTI_pvINT0Func
 .bss.EXTI_pvINT1Func
                0x008001bc        0x2 ./MCAL/EXT_INT/EXT_INT_Program.o
                0x008001bc                EXTI_pvINT1Func
 .bss.EXTI_pvINT2Func
                0x008001be        0x2 ./MCAL/EXT_INT/EXT_INT_Program.o
                0x008001be                EXTI_pvINT2Func
 .bss.REF       0x008001c0        0x4 ./MCAL/ADC/NTI_ADC_Program.o
                0x008001c0                REF
 .bss.Sec       0x008001c4        0x1 ./main.o
                0x008001c4                Sec
 .bss.Min       0x008001c5        0x1 ./main.o
                0x008001c5                Min
 .bss.Hour      0x008001c6        0x1 ./main.o
                0x008001c6                Hour
 .bss.Day       0x008001c7        0x1 ./main.o
                0x008001c7                Day
 .bss.Date      0x008001c8        0x1 ./main.o
                0x008001c8                Date
 .bss.Mon       0x008001c9        0x1 ./main.o
                0x008001c9                Mon
 .bss.Year      0x008001ca        0x1 ./main.o
                0x008001ca                Year
 *(COMMON)
 COMMON         0x008001cb        0x2 ./MCAL/ADC/NTI_ADC_Program.o
                0x008001cb                ADC_pvFunc
                0x008001cd                PROVIDE (__bss_end, .)
                0x000042a8                __data_load_start = LOADADDR (.data)
                0x000043f6                __data_load_end = (__data_load_start + SIZEOF (.data))

.noinit         0x008001cd        0x0
                0x008001cd                PROVIDE (__noinit_start, .)
 *(.noinit*)
                0x008001cd                PROVIDE (__noinit_end, .)
                0x008001cd                _end = .
                0x008001cd                PROVIDE (__heap_start, .)

.eeprom         0x00810000        0x0
 *(.eeprom*)
                0x00810000                __eeprom_end = .

.fuse
 *(.fuse)
 *(.lfuse)
 *(.hfuse)
 *(.efuse)

.lock
 *(.lock*)

.signature
 *(.signature*)

.stab           0x00000000     0x4cec
 *(.stab)
 .stab          0x00000000      0x774 ./MCAL/UART/UART_Program.o
 .stab          0x00000774      0x51c ./MCAL/TMR1/TMR1_Imp.o
                                0x528 (size before relaxing)
 .stab          0x00000c90      0x39c ./MCAL/SPI/SPI_Program.o
                                0x3a8 (size before relaxing)
 .stab          0x0000102c      0x1ec ./MCAL/Port/Port_Program.o
                                0x1f8 (size before relaxing)
 .stab          0x00001218       0xd8 ./MCAL/ICU/ICU_Program.o
                                 0xe4 (size before relaxing)
 .stab          0x000012f0      0x738 ./MCAL/I2C/I2C_Program.o
                                0x744 (size before relaxing)
 .stab          0x00001a28      0x1c8 ./MCAL/GIE/GIE_Program.o
                                0x1d4 (size before relaxing)
 .stab          0x00001bf0      0x66c ./MCAL/EXT_INT/EXT_INT_Program.o
                                0x678 (size before relaxing)
 .stab          0x0000225c      0x48c ./MCAL/DIO/DIO_Program.o
                                0x498 (size before relaxing)
 .stab          0x000026e8      0x4e0 ./MCAL/ADC/NTI_ADC_Program.o
                                0x4ec (size before relaxing)
 .stab          0x00002bc8       0xd8 ./HAL/Servo/ServoMotor_Program.o
                                 0xe4 (size before relaxing)
 .stab          0x00002ca0      0x42c ./HAL/RTC/RTC_Program.o
                                0x438 (size before relaxing)
 .stab          0x000030cc     0x153c ./HAL/LCD2/LCD_Imp.o
                               0x1548 (size before relaxing)
 .stab          0x00004608      0x2d0 ./HAL/KeyPad/KPD_Program.o
                                0x2dc (size before relaxing)
 .stab          0x000048d8      0x414 ./main.o
                                0x444 (size before relaxing)

.stabstr        0x00000000     0x1f51
 *(.stabstr)
 .stabstr       0x00000000     0x1f51 ./MCAL/UART/UART_Program.o

.stab.excl
 *(.stab.excl)

.stab.exclstr
 *(.stab.exclstr)

.stab.index
 *(.stab.index)

.stab.indexstr
 *(.stab.indexstr)

.comment
 *(.comment)

.debug
 *(.debug)

.line
 *(.line)

.debug_srcinfo
 *(.debug_srcinfo)

.debug_sfnames
 *(.debug_sfnames)

.debug_aranges  0x00000000      0x1a0
 *(.debug_aranges)
 .debug_aranges
                0x00000000       0x20 c:/users/ahmed/documents/everything/imt/imt_tools/sdk/imt_sdk_win_64/winavr/bin/../lib/gcc/avr/4.3.3/avr5\libgcc.a(_fixunssfsi.o)
 .debug_aranges
                0x00000020       0x20 c:/users/ahmed/documents/everything/imt/imt_tools/sdk/imt_sdk_win_64/winavr/bin/../lib/gcc/avr/4.3.3/avr5\libgcc.a(_addsub_sf.o)
 .debug_aranges
                0x00000040       0x20 c:/users/ahmed/documents/everything/imt/imt_tools/sdk/imt_sdk_win_64/winavr/bin/../lib/gcc/avr/4.3.3/avr5\libgcc.a(_mul_sf.o)
 .debug_aranges
                0x00000060       0x20 c:/users/ahmed/documents/everything/imt/imt_tools/sdk/imt_sdk_win_64/winavr/bin/../lib/gcc/avr/4.3.3/avr5\libgcc.a(_div_sf.o)
 .debug_aranges
                0x00000080       0x20 c:/users/ahmed/documents/everything/imt/imt_tools/sdk/imt_sdk_win_64/winavr/bin/../lib/gcc/avr/4.3.3/avr5\libgcc.a(_gt_sf.o)
 .debug_aranges
                0x000000a0       0x20 c:/users/ahmed/documents/everything/imt/imt_tools/sdk/imt_sdk_win_64/winavr/bin/../lib/gcc/avr/4.3.3/avr5\libgcc.a(_ge_sf.o)
 .debug_aranges
                0x000000c0       0x20 c:/users/ahmed/documents/everything/imt/imt_tools/sdk/imt_sdk_win_64/winavr/bin/../lib/gcc/avr/4.3.3/avr5\libgcc.a(_lt_sf.o)
 .debug_aranges
                0x000000e0       0x20 c:/users/ahmed/documents/everything/imt/imt_tools/sdk/imt_sdk_win_64/winavr/bin/../lib/gcc/avr/4.3.3/avr5\libgcc.a(_sf_to_si.o)
 .debug_aranges
                0x00000100       0x20 c:/users/ahmed/documents/everything/imt/imt_tools/sdk/imt_sdk_win_64/winavr/bin/../lib/gcc/avr/4.3.3/avr5\libgcc.a(_usi_to_sf.o)
 .debug_aranges
                0x00000120       0x20 c:/users/ahmed/documents/everything/imt/imt_tools/sdk/imt_sdk_win_64/winavr/bin/../lib/gcc/avr/4.3.3/avr5\libgcc.a(_clzsi2.o)
 .debug_aranges
                0x00000140       0x20 c:/users/ahmed/documents/everything/imt/imt_tools/sdk/imt_sdk_win_64/winavr/bin/../lib/gcc/avr/4.3.3/avr5\libgcc.a(_pack_sf.o)
 .debug_aranges
                0x00000160       0x20 c:/users/ahmed/documents/everything/imt/imt_tools/sdk/imt_sdk_win_64/winavr/bin/../lib/gcc/avr/4.3.3/avr5\libgcc.a(_unpack_sf.o)
 .debug_aranges
                0x00000180       0x20 c:/users/ahmed/documents/everything/imt/imt_tools/sdk/imt_sdk_win_64/winavr/bin/../lib/gcc/avr/4.3.3/avr5\libgcc.a(_fpcmp_parts_sf.o)

.debug_pubnames
                0x00000000      0x1f2
 *(.debug_pubnames)
 .debug_pubnames
                0x00000000       0x23 c:/users/ahmed/documents/everything/imt/imt_tools/sdk/imt_sdk_win_64/winavr/bin/../lib/gcc/avr/4.3.3/avr5\libgcc.a(_fixunssfsi.o)
 .debug_pubnames
                0x00000023       0x2c c:/users/ahmed/documents/everything/imt/imt_tools/sdk/imt_sdk_win_64/winavr/bin/../lib/gcc/avr/4.3.3/avr5\libgcc.a(_addsub_sf.o)
 .debug_pubnames
                0x0000004f       0x1f c:/users/ahmed/documents/everything/imt/imt_tools/sdk/imt_sdk_win_64/winavr/bin/../lib/gcc/avr/4.3.3/avr5\libgcc.a(_mul_sf.o)
 .debug_pubnames
                0x0000006e       0x1f c:/users/ahmed/documents/everything/imt/imt_tools/sdk/imt_sdk_win_64/winavr/bin/../lib/gcc/avr/4.3.3/avr5\libgcc.a(_div_sf.o)
 .debug_pubnames
                0x0000008d       0x1e c:/users/ahmed/documents/everything/imt/imt_tools/sdk/imt_sdk_win_64/winavr/bin/../lib/gcc/avr/4.3.3/avr5\libgcc.a(_gt_sf.o)
 .debug_pubnames
                0x000000ab       0x1e c:/users/ahmed/documents/everything/imt/imt_tools/sdk/imt_sdk_win_64/winavr/bin/../lib/gcc/avr/4.3.3/avr5\libgcc.a(_ge_sf.o)
 .debug_pubnames
                0x000000c9       0x1e c:/users/ahmed/documents/everything/imt/imt_tools/sdk/imt_sdk_win_64/winavr/bin/../lib/gcc/avr/4.3.3/avr5\libgcc.a(_lt_sf.o)
 .debug_pubnames
                0x000000e7       0x20 c:/users/ahmed/documents/everything/imt/imt_tools/sdk/imt_sdk_win_64/winavr/bin/../lib/gcc/avr/4.3.3/avr5\libgcc.a(_sf_to_si.o)
 .debug_pubnames
                0x00000107       0x22 c:/users/ahmed/documents/everything/imt/imt_tools/sdk/imt_sdk_win_64/winavr/bin/../lib/gcc/avr/4.3.3/avr5\libgcc.a(_thenan_sf.o)
 .debug_pubnames
                0x00000129       0x24 c:/users/ahmed/documents/everything/imt/imt_tools/sdk/imt_sdk_win_64/winavr/bin/../lib/gcc/avr/4.3.3/avr5\libgcc.a(_usi_to_sf.o)
 .debug_pubnames
                0x0000014d       0x1f c:/users/ahmed/documents/everything/imt/imt_tools/sdk/imt_sdk_win_64/winavr/bin/../lib/gcc/avr/4.3.3/avr5\libgcc.a(_clzsi2.o)
 .debug_pubnames
                0x0000016c       0x1f c:/users/ahmed/documents/everything/imt/imt_tools/sdk/imt_sdk_win_64/winavr/bin/../lib/gcc/avr/4.3.3/avr5\libgcc.a(_pack_sf.o)
 .debug_pubnames
                0x0000018b       0x21 c:/users/ahmed/documents/everything/imt/imt_tools/sdk/imt_sdk_win_64/winavr/bin/../lib/gcc/avr/4.3.3/avr5\libgcc.a(_unpack_sf.o)
 .debug_pubnames
                0x000001ac       0x26 c:/users/ahmed/documents/everything/imt/imt_tools/sdk/imt_sdk_win_64/winavr/bin/../lib/gcc/avr/4.3.3/avr5\libgcc.a(_fpcmp_parts_sf.o)
 .debug_pubnames
                0x000001d2       0x20 c:/users/ahmed/documents/everything/imt/imt_tools/sdk/imt_sdk_win_64/winavr/bin/../lib/gcc/avr/4.3.3/avr5\libgcc.a(_clz.o)

.debug_info     0x00000000     0x240b
 *(.debug_info)
 .debug_info    0x00000000       0xb1 c:/users/ahmed/documents/everything/imt/imt_tools/sdk/imt_sdk_win_64/winavr/bin/../lib/gcc/avr/4.3.3/avr5\libgcc.a(_fixunssfsi.o)
 .debug_info    0x000000b1      0x47a c:/users/ahmed/documents/everything/imt/imt_tools/sdk/imt_sdk_win_64/winavr/bin/../lib/gcc/avr/4.3.3/avr5\libgcc.a(_addsub_sf.o)
 .debug_info    0x0000052b      0x485 c:/users/ahmed/documents/everything/imt/imt_tools/sdk/imt_sdk_win_64/winavr/bin/../lib/gcc/avr/4.3.3/avr5\libgcc.a(_mul_sf.o)
 .debug_info    0x000009b0      0x3fc c:/users/ahmed/documents/everything/imt/imt_tools/sdk/imt_sdk_win_64/winavr/bin/../lib/gcc/avr/4.3.3/avr5\libgcc.a(_div_sf.o)
 .debug_info    0x00000dac      0x27f c:/users/ahmed/documents/everything/imt/imt_tools/sdk/imt_sdk_win_64/winavr/bin/../lib/gcc/avr/4.3.3/avr5\libgcc.a(_gt_sf.o)
 .debug_info    0x0000102b      0x27f c:/users/ahmed/documents/everything/imt/imt_tools/sdk/imt_sdk_win_64/winavr/bin/../lib/gcc/avr/4.3.3/avr5\libgcc.a(_ge_sf.o)
 .debug_info    0x000012aa      0x27f c:/users/ahmed/documents/everything/imt/imt_tools/sdk/imt_sdk_win_64/winavr/bin/../lib/gcc/avr/4.3.3/avr5\libgcc.a(_lt_sf.o)
 .debug_info    0x00001529      0x2b0 c:/users/ahmed/documents/everything/imt/imt_tools/sdk/imt_sdk_win_64/winavr/bin/../lib/gcc/avr/4.3.3/avr5\libgcc.a(_sf_to_si.o)
 .debug_info    0x000017d9      0x12c c:/users/ahmed/documents/everything/imt/imt_tools/sdk/imt_sdk_win_64/winavr/bin/../lib/gcc/avr/4.3.3/avr5\libgcc.a(_thenan_sf.o)
 .debug_info    0x00001905      0x206 c:/users/ahmed/documents/everything/imt/imt_tools/sdk/imt_sdk_win_64/winavr/bin/../lib/gcc/avr/4.3.3/avr5\libgcc.a(_usi_to_sf.o)
 .debug_info    0x00001b0b      0x117 c:/users/ahmed/documents/everything/imt/imt_tools/sdk/imt_sdk_win_64/winavr/bin/../lib/gcc/avr/4.3.3/avr5\libgcc.a(_clzsi2.o)
 .debug_info    0x00001c22      0x2df c:/users/ahmed/documents/everything/imt/imt_tools/sdk/imt_sdk_win_64/winavr/bin/../lib/gcc/avr/4.3.3/avr5\libgcc.a(_pack_sf.o)
 .debug_info    0x00001f01      0x251 c:/users/ahmed/documents/everything/imt/imt_tools/sdk/imt_sdk_win_64/winavr/bin/../lib/gcc/avr/4.3.3/avr5\libgcc.a(_unpack_sf.o)
 .debug_info    0x00002152      0x210 c:/users/ahmed/documents/everything/imt/imt_tools/sdk/imt_sdk_win_64/winavr/bin/../lib/gcc/avr/4.3.3/avr5\libgcc.a(_fpcmp_parts_sf.o)
 .debug_info    0x00002362       0xa9 c:/users/ahmed/documents/everything/imt/imt_tools/sdk/imt_sdk_win_64/winavr/bin/../lib/gcc/avr/4.3.3/avr5\libgcc.a(_clz.o)
 *(.gnu.linkonce.wi.*)

.debug_abbrev   0x00000000     0x1386
 *(.debug_abbrev)
 .debug_abbrev  0x00000000       0x5d c:/users/ahmed/documents/everything/imt/imt_tools/sdk/imt_sdk_win_64/winavr/bin/../lib/gcc/avr/4.3.3/avr5\libgcc.a(_fixunssfsi.o)
 .debug_abbrev  0x0000005d      0x1ea c:/users/ahmed/documents/everything/imt/imt_tools/sdk/imt_sdk_win_64/winavr/bin/../lib/gcc/avr/4.3.3/avr5\libgcc.a(_addsub_sf.o)
 .debug_abbrev  0x00000247      0x21b c:/users/ahmed/documents/everything/imt/imt_tools/sdk/imt_sdk_win_64/winavr/bin/../lib/gcc/avr/4.3.3/avr5\libgcc.a(_mul_sf.o)
 .debug_abbrev  0x00000462      0x216 c:/users/ahmed/documents/everything/imt/imt_tools/sdk/imt_sdk_win_64/winavr/bin/../lib/gcc/avr/4.3.3/avr5\libgcc.a(_div_sf.o)
 .debug_abbrev  0x00000678      0x15a c:/users/ahmed/documents/everything/imt/imt_tools/sdk/imt_sdk_win_64/winavr/bin/../lib/gcc/avr/4.3.3/avr5\libgcc.a(_gt_sf.o)
 .debug_abbrev  0x000007d2      0x15a c:/users/ahmed/documents/everything/imt/imt_tools/sdk/imt_sdk_win_64/winavr/bin/../lib/gcc/avr/4.3.3/avr5\libgcc.a(_ge_sf.o)
 .debug_abbrev  0x0000092c      0x15a c:/users/ahmed/documents/everything/imt/imt_tools/sdk/imt_sdk_win_64/winavr/bin/../lib/gcc/avr/4.3.3/avr5\libgcc.a(_lt_sf.o)
 .debug_abbrev  0x00000a86      0x17f c:/users/ahmed/documents/everything/imt/imt_tools/sdk/imt_sdk_win_64/winavr/bin/../lib/gcc/avr/4.3.3/avr5\libgcc.a(_sf_to_si.o)
 .debug_abbrev  0x00000c05       0xad c:/users/ahmed/documents/everything/imt/imt_tools/sdk/imt_sdk_win_64/winavr/bin/../lib/gcc/avr/4.3.3/avr5\libgcc.a(_thenan_sf.o)
 .debug_abbrev  0x00000cb2      0x157 c:/users/ahmed/documents/everything/imt/imt_tools/sdk/imt_sdk_win_64/winavr/bin/../lib/gcc/avr/4.3.3/avr5\libgcc.a(_usi_to_sf.o)
 .debug_abbrev  0x00000e09       0xc4 c:/users/ahmed/documents/everything/imt/imt_tools/sdk/imt_sdk_win_64/winavr/bin/../lib/gcc/avr/4.3.3/avr5\libgcc.a(_clzsi2.o)
 .debug_abbrev  0x00000ecd      0x1c0 c:/users/ahmed/documents/everything/imt/imt_tools/sdk/imt_sdk_win_64/winavr/bin/../lib/gcc/avr/4.3.3/avr5\libgcc.a(_pack_sf.o)
 .debug_abbrev  0x0000108d      0x154 c:/users/ahmed/documents/everything/imt/imt_tools/sdk/imt_sdk_win_64/winavr/bin/../lib/gcc/avr/4.3.3/avr5\libgcc.a(_unpack_sf.o)
 .debug_abbrev  0x000011e1      0x13b c:/users/ahmed/documents/everything/imt/imt_tools/sdk/imt_sdk_win_64/winavr/bin/../lib/gcc/avr/4.3.3/avr5\libgcc.a(_fpcmp_parts_sf.o)
 .debug_abbrev  0x0000131c       0x6a c:/users/ahmed/documents/everything/imt/imt_tools/sdk/imt_sdk_win_64/winavr/bin/../lib/gcc/avr/4.3.3/avr5\libgcc.a(_clz.o)

.debug_line     0x00000000     0x11d6
 *(.debug_line)
 .debug_line    0x00000000       0xa7 c:/users/ahmed/documents/everything/imt/imt_tools/sdk/imt_sdk_win_64/winavr/bin/../lib/gcc/avr/4.3.3/avr5\libgcc.a(_fixunssfsi.o)
 .debug_line    0x000000a7      0x2af c:/users/ahmed/documents/everything/imt/imt_tools/sdk/imt_sdk_win_64/winavr/bin/../lib/gcc/avr/4.3.3/avr5\libgcc.a(_addsub_sf.o)
 .debug_line    0x00000356      0x239 c:/users/ahmed/documents/everything/imt/imt_tools/sdk/imt_sdk_win_64/winavr/bin/../lib/gcc/avr/4.3.3/avr5\libgcc.a(_mul_sf.o)
 .debug_line    0x0000058f      0x1d5 c:/users/ahmed/documents/everything/imt/imt_tools/sdk/imt_sdk_win_64/winavr/bin/../lib/gcc/avr/4.3.3/avr5\libgcc.a(_div_sf.o)
 .debug_line    0x00000764       0xd3 c:/users/ahmed/documents/everything/imt/imt_tools/sdk/imt_sdk_win_64/winavr/bin/../lib/gcc/avr/4.3.3/avr5\libgcc.a(_gt_sf.o)
 .debug_line    0x00000837       0xd3 c:/users/ahmed/documents/everything/imt/imt_tools/sdk/imt_sdk_win_64/winavr/bin/../lib/gcc/avr/4.3.3/avr5\libgcc.a(_ge_sf.o)
 .debug_line    0x0000090a       0xd3 c:/users/ahmed/documents/everything/imt/imt_tools/sdk/imt_sdk_win_64/winavr/bin/../lib/gcc/avr/4.3.3/avr5\libgcc.a(_lt_sf.o)
 .debug_line    0x000009dd      0x109 c:/users/ahmed/documents/everything/imt/imt_tools/sdk/imt_sdk_win_64/winavr/bin/../lib/gcc/avr/4.3.3/avr5\libgcc.a(_sf_to_si.o)
 .debug_line    0x00000ae6       0x90 c:/users/ahmed/documents/everything/imt/imt_tools/sdk/imt_sdk_win_64/winavr/bin/../lib/gcc/avr/4.3.3/avr5\libgcc.a(_thenan_sf.o)
 .debug_line    0x00000b76      0x133 c:/users/ahmed/documents/everything/imt/imt_tools/sdk/imt_sdk_win_64/winavr/bin/../lib/gcc/avr/4.3.3/avr5\libgcc.a(_usi_to_sf.o)
 .debug_line    0x00000ca9       0xa5 c:/users/ahmed/documents/everything/imt/imt_tools/sdk/imt_sdk_win_64/winavr/bin/../lib/gcc/avr/4.3.3/avr5\libgcc.a(_clzsi2.o)
 .debug_line    0x00000d4e      0x18a c:/users/ahmed/documents/everything/imt/imt_tools/sdk/imt_sdk_win_64/winavr/bin/../lib/gcc/avr/4.3.3/avr5\libgcc.a(_pack_sf.o)
 .debug_line    0x00000ed8      0x14b c:/users/ahmed/documents/everything/imt/imt_tools/sdk/imt_sdk_win_64/winavr/bin/../lib/gcc/avr/4.3.3/avr5\libgcc.a(_unpack_sf.o)
 .debug_line    0x00001023      0x137 c:/users/ahmed/documents/everything/imt/imt_tools/sdk/imt_sdk_win_64/winavr/bin/../lib/gcc/avr/4.3.3/avr5\libgcc.a(_fpcmp_parts_sf.o)
 .debug_line    0x0000115a       0x7c c:/users/ahmed/documents/everything/imt/imt_tools/sdk/imt_sdk_win_64/winavr/bin/../lib/gcc/avr/4.3.3/avr5\libgcc.a(_clz.o)

.debug_frame    0x00000000      0x1c0
 *(.debug_frame)
 .debug_frame   0x00000000       0x20 c:/users/ahmed/documents/everything/imt/imt_tools/sdk/imt_sdk_win_64/winavr/bin/../lib/gcc/avr/4.3.3/avr5\libgcc.a(_fixunssfsi.o)
 .debug_frame   0x00000020       0x40 c:/users/ahmed/documents/everything/imt/imt_tools/sdk/imt_sdk_win_64/winavr/bin/../lib/gcc/avr/4.3.3/avr5\libgcc.a(_addsub_sf.o)
 .debug_frame   0x00000060       0x20 c:/users/ahmed/documents/everything/imt/imt_tools/sdk/imt_sdk_win_64/winavr/bin/../lib/gcc/avr/4.3.3/avr5\libgcc.a(_mul_sf.o)
 .debug_frame   0x00000080       0x20 c:/users/ahmed/documents/everything/imt/imt_tools/sdk/imt_sdk_win_64/winavr/bin/../lib/gcc/avr/4.3.3/avr5\libgcc.a(_div_sf.o)
 .debug_frame   0x000000a0       0x20 c:/users/ahmed/documents/everything/imt/imt_tools/sdk/imt_sdk_win_64/winavr/bin/../lib/gcc/avr/4.3.3/avr5\libgcc.a(_gt_sf.o)
 .debug_frame   0x000000c0       0x20 c:/users/ahmed/documents/everything/imt/imt_tools/sdk/imt_sdk_win_64/winavr/bin/../lib/gcc/avr/4.3.3/avr5\libgcc.a(_ge_sf.o)
 .debug_frame   0x000000e0       0x20 c:/users/ahmed/documents/everything/imt/imt_tools/sdk/imt_sdk_win_64/winavr/bin/../lib/gcc/avr/4.3.3/avr5\libgcc.a(_lt_sf.o)
 .debug_frame   0x00000100       0x20 c:/users/ahmed/documents/everything/imt/imt_tools/sdk/imt_sdk_win_64/winavr/bin/../lib/gcc/avr/4.3.3/avr5\libgcc.a(_sf_to_si.o)
 .debug_frame   0x00000120       0x20 c:/users/ahmed/documents/everything/imt/imt_tools/sdk/imt_sdk_win_64/winavr/bin/../lib/gcc/avr/4.3.3/avr5\libgcc.a(_usi_to_sf.o)
 .debug_frame   0x00000140       0x20 c:/users/ahmed/documents/everything/imt/imt_tools/sdk/imt_sdk_win_64/winavr/bin/../lib/gcc/avr/4.3.3/avr5\libgcc.a(_clzsi2.o)
 .debug_frame   0x00000160       0x20 c:/users/ahmed/documents/everything/imt/imt_tools/sdk/imt_sdk_win_64/winavr/bin/../lib/gcc/avr/4.3.3/avr5\libgcc.a(_pack_sf.o)
 .debug_frame   0x00000180       0x20 c:/users/ahmed/documents/everything/imt/imt_tools/sdk/imt_sdk_win_64/winavr/bin/../lib/gcc/avr/4.3.3/avr5\libgcc.a(_unpack_sf.o)
 .debug_frame   0x000001a0       0x20 c:/users/ahmed/documents/everything/imt/imt_tools/sdk/imt_sdk_win_64/winavr/bin/../lib/gcc/avr/4.3.3/avr5\libgcc.a(_fpcmp_parts_sf.o)

.debug_str      0x00000000      0x2f6
 *(.debug_str)
 .debug_str     0x00000000       0xbf c:/users/ahmed/documents/everything/imt/imt_tools/sdk/imt_sdk_win_64/winavr/bin/../lib/gcc/avr/4.3.3/avr5\libgcc.a(_fixunssfsi.o)
                                 0xfe (size before relaxing)
 .debug_str     0x000000bf      0x14d c:/users/ahmed/documents/everything/imt/imt_tools/sdk/imt_sdk_win_64/winavr/bin/../lib/gcc/avr/4.3.3/avr5\libgcc.a(_addsub_sf.o)
                                0x206 (size before relaxing)
 .debug_str     0x0000020c       0x27 c:/users/ahmed/documents/everything/imt/imt_tools/sdk/imt_sdk_win_64/winavr/bin/../lib/gcc/avr/4.3.3/avr5\libgcc.a(_mul_sf.o)
                                0x1bf (size before relaxing)
 .debug_str     0x00000233       0x35 c:/users/ahmed/documents/everything/imt/imt_tools/sdk/imt_sdk_win_64/winavr/bin/../lib/gcc/avr/4.3.3/avr5\libgcc.a(_div_sf.o)
                                0x1c8 (size before relaxing)
 .debug_str     0x00000268        0x8 c:/users/ahmed/documents/everything/imt/imt_tools/sdk/imt_sdk_win_64/winavr/bin/../lib/gcc/avr/4.3.3/avr5\libgcc.a(_gt_sf.o)
                                0x195 (size before relaxing)
 .debug_str     0x00000270        0x8 c:/users/ahmed/documents/everything/imt/imt_tools/sdk/imt_sdk_win_64/winavr/bin/../lib/gcc/avr/4.3.3/avr5\libgcc.a(_ge_sf.o)
                                0x195 (size before relaxing)
 .debug_str     0x00000278        0x8 c:/users/ahmed/documents/everything/imt/imt_tools/sdk/imt_sdk_win_64/winavr/bin/../lib/gcc/avr/4.3.3/avr5\libgcc.a(_lt_sf.o)
                                0x195 (size before relaxing)
 .debug_str     0x00000280        0xa c:/users/ahmed/documents/everything/imt/imt_tools/sdk/imt_sdk_win_64/winavr/bin/../lib/gcc/avr/4.3.3/avr5\libgcc.a(_sf_to_si.o)
                                0x19e (size before relaxing)
 .debug_str     0x00000000      0x103 c:/users/ahmed/documents/everything/imt/imt_tools/sdk/imt_sdk_win_64/winavr/bin/../lib/gcc/avr/4.3.3/avr5\libgcc.a(_thenan_sf.o)
 .debug_str     0x0000028a       0x21 c:/users/ahmed/documents/everything/imt/imt_tools/sdk/imt_sdk_win_64/winavr/bin/../lib/gcc/avr/4.3.3/avr5\libgcc.a(_usi_to_sf.o)
                                0x177 (size before relaxing)
 .debug_str     0x000002ab       0x20 c:/users/ahmed/documents/everything/imt/imt_tools/sdk/imt_sdk_win_64/winavr/bin/../lib/gcc/avr/4.3.3/avr5\libgcc.a(_clzsi2.o)
                                0x111 (size before relaxing)
 .debug_str     0x000002cb       0x10 c:/users/ahmed/documents/everything/imt/imt_tools/sdk/imt_sdk_win_64/winavr/bin/../lib/gcc/avr/4.3.3/avr5\libgcc.a(_pack_sf.o)
                                0x19d (size before relaxing)
 .debug_str     0x000002db        0xb c:/users/ahmed/documents/everything/imt/imt_tools/sdk/imt_sdk_win_64/winavr/bin/../lib/gcc/avr/4.3.3/avr5\libgcc.a(_unpack_sf.o)
                                0x17f (size before relaxing)
 .debug_str     0x000002e6       0x10 c:/users/ahmed/documents/everything/imt/imt_tools/sdk/imt_sdk_win_64/winavr/bin/../lib/gcc/avr/4.3.3/avr5\libgcc.a(_fpcmp_parts_sf.o)
                                0x163 (size before relaxing)
 .debug_str     0x00000000       0xf4 c:/users/ahmed/documents/everything/imt/imt_tools/sdk/imt_sdk_win_64/winavr/bin/../lib/gcc/avr/4.3.3/avr5\libgcc.a(_clz.o)

.debug_loc      0x00000000      0x96e
 *(.debug_loc)
 .debug_loc     0x00000000       0x34 c:/users/ahmed/documents/everything/imt/imt_tools/sdk/imt_sdk_win_64/winavr/bin/../lib/gcc/avr/4.3.3/avr5\libgcc.a(_fixunssfsi.o)
 .debug_loc     0x00000034      0x32a c:/users/ahmed/documents/everything/imt/imt_tools/sdk/imt_sdk_win_64/winavr/bin/../lib/gcc/avr/4.3.3/avr5\libgcc.a(_addsub_sf.o)
 .debug_loc     0x0000035e      0x104 c:/users/ahmed/documents/everything/imt/imt_tools/sdk/imt_sdk_win_64/winavr/bin/../lib/gcc/avr/4.3.3/avr5\libgcc.a(_mul_sf.o)
 .debug_loc     0x00000462       0xc0 c:/users/ahmed/documents/everything/imt/imt_tools/sdk/imt_sdk_win_64/winavr/bin/../lib/gcc/avr/4.3.3/avr5\libgcc.a(_div_sf.o)
 .debug_loc     0x00000522       0x3c c:/users/ahmed/documents/everything/imt/imt_tools/sdk/imt_sdk_win_64/winavr/bin/../lib/gcc/avr/4.3.3/avr5\libgcc.a(_gt_sf.o)
 .debug_loc     0x0000055e       0x3c c:/users/ahmed/documents/everything/imt/imt_tools/sdk/imt_sdk_win_64/winavr/bin/../lib/gcc/avr/4.3.3/avr5\libgcc.a(_ge_sf.o)
 .debug_loc     0x0000059a       0x3c c:/users/ahmed/documents/everything/imt/imt_tools/sdk/imt_sdk_win_64/winavr/bin/../lib/gcc/avr/4.3.3/avr5\libgcc.a(_lt_sf.o)
 .debug_loc     0x000005d6       0x7e c:/users/ahmed/documents/everything/imt/imt_tools/sdk/imt_sdk_win_64/winavr/bin/../lib/gcc/avr/4.3.3/avr5\libgcc.a(_sf_to_si.o)
 .debug_loc     0x00000654       0x4c c:/users/ahmed/documents/everything/imt/imt_tools/sdk/imt_sdk_win_64/winavr/bin/../lib/gcc/avr/4.3.3/avr5\libgcc.a(_usi_to_sf.o)
 .debug_loc     0x000006a0       0x94 c:/users/ahmed/documents/everything/imt/imt_tools/sdk/imt_sdk_win_64/winavr/bin/../lib/gcc/avr/4.3.3/avr5\libgcc.a(_clzsi2.o)
 .debug_loc     0x00000734      0x13e c:/users/ahmed/documents/everything/imt/imt_tools/sdk/imt_sdk_win_64/winavr/bin/../lib/gcc/avr/4.3.3/avr5\libgcc.a(_pack_sf.o)
 .debug_loc     0x00000872       0xac c:/users/ahmed/documents/everything/imt/imt_tools/sdk/imt_sdk_win_64/winavr/bin/../lib/gcc/avr/4.3.3/avr5\libgcc.a(_unpack_sf.o)
 .debug_loc     0x0000091e       0x50 c:/users/ahmed/documents/everything/imt/imt_tools/sdk/imt_sdk_win_64/winavr/bin/../lib/gcc/avr/4.3.3/avr5\libgcc.a(_fpcmp_parts_sf.o)

.debug_macinfo
 *(.debug_macinfo)
OUTPUT(NTI_RTC.elf elf32-avr)
LOAD linker stubs

.debug_ranges   0x00000000       0x50
 .debug_ranges  0x00000000       0x50 c:/users/ahmed/documents/everything/imt/imt_tools/sdk/imt_sdk_win_64/winavr/bin/../lib/gcc/avr/4.3.3/avr5\libgcc.a(_mul_sf.o)
